Change Component Designator: OldDesignator=C? NewDesignator=C1
Change Component Designator: OldDesignator=C? NewDesignator=C2
Change Component Designator: OldDesignator=D? NewDesignator=D1
Change Component Designator: OldDesignator=D? NewDesignator=D2
Change Component Designator: OldDesignator=D? NewDesignator=D3
Change Component Designator: OldDesignator=D? NewDesignator=D4
Change Component Designator: OldDesignator=D? NewDesignator=D5
Change Component Designator: OldDesignator=D? NewDesignator=D6
Change Component Designator: OldDesignator=D? NewDesignator=D7
Change Component Designator: OldDesignator=D? NewDesignator=D8
Change Component Designator: OldDesignator=HC? NewDesignator=HC1
Change Component Designator: OldDesignator=JP? NewDesignator=JP1
Change Component Designator: OldDesignator=JP? NewDesignator=JP2
Change Component Designator: OldDesignator=JP? NewDesignator=JP3
Change Component Designator: OldDesignator=JP? NewDesignator=JP4
Change Component Designator: OldDesignator=JP? NewDesignator=JP5
Change Component Designator: OldDesignator=JP? NewDesignator=JP6
Change Component Designator: OldDesignator=L? NewDesignator=L1
Change Component Designator: OldDesignator=P? NewDesignator=P1
Change Component Designator: OldDesignator=P? NewDesignator=P2
Change Component Designator: OldDesignator=P? NewDesignator=P3
Change Component Designator: OldDesignator=R? NewDesignator=R1
Change Component Designator: OldDesignator=STM? NewDesignator=STM1
Change Component Designator: OldDesignator=U? NewDesignator=U1
Change Component Designator: OldDesignator=U? NewDesignator=U2
Change Net Name : Old Net Name=NetC?_1 New Net Name=NetC1_1
Change Net Name : Old Net Name=NetC?_2 New Net Name=NetC1_2
Change Net Name : Old Net Name=NetD?_1 New Net Name=NetD1_1
Change Net Name : Old Net Name=NetJP?_2 New Net Name=NetJP4_2
Change Net Name : Old Net Name=NetL?_2 New Net Name=NetL1_2
Added Pin To Net: NetName=NetD2_1 Pin=D2-1
Added Pin To Net: NetName=NetD2_1 Pin=D6-2
Added Pin To Net: NetName=NetD2_1 Pin=P1-2
Added Pin To Net: NetName=NetD2_1 Pin=U1-3
Added Net: Name=NetD2_1
Added Pin To Net: NetName=NetD3_1 Pin=D3-1
Added Pin To Net: NetName=NetD3_1 Pin=D7-2
Added Pin To Net: NetName=NetD3_1 Pin=P2-1
Added Pin To Net: NetName=NetD3_1 Pin=U1-13
Added Net: Name=NetD3_1
Added Pin To Net: NetName=NetD4_1 Pin=D4-1
Added Pin To Net: NetName=NetD4_1 Pin=D8-2
Added Pin To Net: NetName=NetD4_1 Pin=P2-2
Added Pin To Net: NetName=NetD4_1 Pin=U1-14
Added Net: Name=NetD4_1
Added Member To Class: ClassName=SCH_1 Member=Component C1 220nF
Added Member To Class: ClassName=SCH_1 Member=Component D1 100v
Added Member To Class: ClassName=SCH_1 Member=Component D3 100v
Added Member To Class: ClassName=SCH_1 Member=Component D4 100v
Added Member To Class: ClassName=SCH_1 Member=Component D5 100v
Added Member To Class: ClassName=SCH_1 Member=Component D6 100v
Added Member To Class: ClassName=SCH_1 Member=Component D7 100v
Added Member To Class: ClassName=SCH_1 Member=Component D8 100v
Added Member To Class: ClassName=SCH_1 Member=Component JP1 JP 1x4 2.54
Added Member To Class: ClassName=SCH_1 Member=Component JP2 JP 1x2 2.54
Added Member To Class: ClassName=SCH_1 Member=Component JP3 JP 1x4 2.54
Added Member To Class: ClassName=SCH_1 Member=Component JP5 JP 1x1 2.54
Added Member To Class: ClassName=SCH_1 Member=Component JP6 JP 1x1 2.54
Added Member To Class: ClassName=SCH_1 Member=Component P1 Domino 2 pin
Added Member To Class: ClassName=SCH_1 Member=Component P2 Domino 2 pin
Added Member To Class: ClassName=SCH_1 Member=Component U2 78M05 SMD TO252
